{"level":"info","message":"🔒 Secure server running on port 3001","service":"kushi-consultancy","timestamp":"2025-11-12 16:35:55"}
{"level":"info","message":"Environment: development","service":"kushi-consultancy","timestamp":"2025-11-12 16:35:55"}
{"applicant":{"email":"karthikmohan7639@gmail.com","experience":"5Years","location":"Chennai, Tamil Nadu","name":"Karthik","phone":"+916383476453","position":"SoftwareEngineer"},"level":"info","message":"CV uploaded successfully","mimeType":"application/pdf","originalName":"KarResSep25.pdf","service":"kushi-consultancy","size":96043,"storedName":"de71efea1398a538fb918bc1e483ffea.pdf","timestamp":"2025-11-12 16:42:34","uploadDate":"2025-11-12T11:12:34.015Z"}
{"event":"file_upload","filename":"KarResSep25.pdf","ip":"::1","level":"info","message":"File upload","reason":"","service":"kushi-consultancy","size":96043,"success":true,"timestamp":"2025-11-12T11:12:34.019Z"}
{"applicant":{"email":"karthikmohan7639@gmail.com","experience":"5Years","location":"Chennai, Tamil Nadu","name":"Karthik Mohan","phone":"+916383476453","position":"SoftwareEngineer"},"level":"info","message":"CV uploaded successfully","mimeType":"application/pdf","originalName":"KarResSep25.pdf","service":"kushi-consultancy","size":96043,"storedName":"e20b1729db4dbb268a30df84845e5f27.pdf","timestamp":"2025-11-12 16:43:18","uploadDate":"2025-11-12T11:13:18.939Z"}
{"event":"file_upload","filename":"KarResSep25.pdf","ip":"::1","level":"info","message":"File upload","reason":"","service":"kushi-consultancy","size":96043,"success":true,"timestamp":"2025-11-12T11:13:18.942Z"}
{"level":"info","message":"🔒 Secure server running on port 3001","service":"kushi-consultancy","timestamp":"2025-11-12 16:44:05"}
{"level":"info","message":"Environment: development","service":"kushi-consultancy","timestamp":"2025-11-12 16:44:05"}
{"applicant":{"email":"karthikmohan7639@gmail.com","experience":"5Years","location":"Chennai, Tamil Nadu","name":"Karthik Mohan","phone":"+916383476453","position":"SoftwareEngineer"},"level":"info","message":"CV uploaded successfully","mimeType":"application/pdf","originalName":"KarResSep25.pdf","service":"kushi-consultancy","size":96043,"storedName":"0aab743e691c049f74c09a3a8b60eeb1.pdf","timestamp":"2025-11-12 16:44:11","uploadDate":"2025-11-12T11:14:11.703Z"}
{"event":"file_upload","filename":"KarResSep25.pdf","ip":"::1","level":"info","message":"File upload","reason":"","service":"kushi-consultancy","size":96043,"success":true,"timestamp":"2025-11-12T11:14:11.705Z"}
{"level":"info","message":"🔒 Secure server running on port 3001","service":"kushi-consultancy","timestamp":"2025-11-12 16:45:06"}
{"level":"info","message":"Environment: development","service":"kushi-consultancy","timestamp":"2025-11-12 16:45:06"}
{"level":"info","message":"🔒 Secure server running on port 3001","service":"kushi-consultancy","timestamp":"2025-11-12 16:46:45"}
{"level":"info","message":"Environment: development","service":"kushi-consultancy","timestamp":"2025-11-12 16:46:45"}
{"applicant":{"email":"karthikmohan7639@gmail.com","experience":"5yrs","location":"Chennai, Tamil Nadu","name":"Karthik Mohan","phone":"+916383476453","position":"SoftwareEngineer"},"level":"info","message":"CV uploaded successfully","mimeType":"application/pdf","originalName":"KarResSep25.pdf","service":"kushi-consultancy","size":96043,"storedName":"29e36be66119fcf6ead1bede7762eaeb.pdf","timestamp":"2025-11-12 16:47:10","uploadDate":"2025-11-12T11:17:10.789Z"}
{"event":"file_upload","filename":"KarResSep25.pdf","ip":"::1","level":"info","message":"File upload","reason":"","service":"kushi-consultancy","size":96043,"success":true,"timestamp":"2025-11-12T11:17:10.790Z"}
{"level":"info","message":"SIGINT signal received: closing HTTP server","service":"kushi-consultancy","timestamp":"2025-11-12 16:52:30"}
{"level":"info","message":"🔒 Secure server running on port 3001","service":"kushi-consultancy","timestamp":"2025-11-12 16:58:33"}
{"level":"info","message":"Environment: development","service":"kushi-consultancy","timestamp":"2025-11-12 16:58:33"}
{"level":"info","message":"🔒 Secure server running on port 3001","service":"kushi-consultancy","timestamp":"2025-11-12 17:03:48"}
{"level":"info","message":"Environment: development","service":"kushi-consultancy","timestamp":"2025-11-12 17:03:48"}
{"applicant":{"email":"karthikmohan7639@gmail.com","experience":"5yrs","location":"Chennai, Tamil Nadu","name":"Karthik Mohan","phone":"+916383476453","position":"SoftwareEngineer"},"level":"info","message":"CV uploaded successfully","mimeType":"application/pdf","originalName":"KarResSep25.pdf","service":"kushi-consultancy","size":96043,"storedName":"d2400f2ce6cbf7c5ce5bca16a128830b.pdf","timestamp":"2025-11-12 17:04:33","uploadDate":"2025-11-12T11:34:33.699Z"}
{"event":"file_upload","filename":"KarResSep25.pdf","ip":"::1","level":"info","message":"File upload","reason":"","service":"kushi-consultancy","size":96043,"success":true,"timestamp":"2025-11-12T11:34:33.702Z"}
{"applicant":"Karthik Mohan","level":"info","message":"CV notification email sent successfully","messageId":"<e9684d4e-ee0c-ad14-9bca-ac0851aab705@gmail.com>","recipient":"yogyatha.startup@gmail.com","service":"kushi-consultancy","timestamp":"2025-11-12 17:04:37"}
{"applicant":{"email":"karthikmohan7639@gmail.com","experience":"5yrs","location":"Chennai, Tamil Nadu","name":"Karthik Mohan","phone":"+916383476453","position":"SoftwareEngineer"},"level":"info","message":"CV uploaded successfully","mimeType":"application/pdf","originalName":"KarResSep25.pdf","service":"kushi-consultancy","size":96043,"storedName":"c6934ae38fca2fc44dd5bd5b02cc27cf.pdf","timestamp":"2025-11-12 17:09:22","uploadDate":"2025-11-12T11:39:22.955Z"}
{"event":"file_upload","filename":"KarResSep25.pdf","ip":"::1","level":"info","message":"File upload","reason":"","service":"kushi-consultancy","size":96043,"success":true,"timestamp":"2025-11-12T11:39:22.956Z"}
{"applicant":"Karthik Mohan","level":"info","message":"CV notification email sent successfully","messageId":"<4578a771-96fa-2141-9b60-ce1e149b269e@gmail.com>","recipient":"yogyatha.startup@gmail.com","service":"kushi-consultancy","timestamp":"2025-11-12 17:09:26"}
{"applicant":{"email":"karthikmohan7639@gmail.com","experience":"5yrs","location":"Chennai, Tamil Nadu","name":"Karthik Mohan","phone":"+916383476453","position":"SoftwareEngineer"},"level":"info","message":"CV uploaded successfully","mimeType":"application/pdf","originalName":"KarResSep25.pdf","service":"kushi-consultancy","size":96043,"storedName":"bd16d76b0b405e3fbad6d7ff39932c76.pdf","timestamp":"2025-11-12 17:10:35","uploadDate":"2025-11-12T11:40:35.723Z"}
{"event":"file_upload","filename":"KarResSep25.pdf","ip":"::1","level":"info","message":"File upload","reason":"","service":"kushi-consultancy","size":96043,"success":true,"timestamp":"2025-11-12T11:40:35.724Z"}
{"applicant":"Karthik Mohan","level":"info","message":"CV notification email sent successfully","messageId":"<3ae06afe-8db7-026c-59bc-a93ea3564c23@gmail.com>","recipient":"yogyatha.startup@gmail.com","service":"kushi-consultancy","timestamp":"2025-11-12 17:10:39"}
{"applicant":{"email":"karthikmohan7639@gmail.com","experience":"5yrs","location":"Chennai, Tamil Nadu","name":"Karthik Mohan","phone":"+916383476453","position":"SoftwareEngineer"},"level":"info","message":"CV uploaded successfully","mimeType":"application/pdf","originalName":"KarResSep25.pdf","service":"kushi-consultancy","size":96043,"storedName":"5372e394a07a207456b225dc3c9052f4.pdf","timestamp":"2025-11-12 17:12:28","uploadDate":"2025-11-12T11:42:28.072Z"}
{"event":"file_upload","filename":"KarResSep25.pdf","ip":"::1","level":"info","message":"File upload","reason":"","service":"kushi-consultancy","size":96043,"success":true,"timestamp":"2025-11-12T11:42:28.073Z"}
{"applicant":"Karthik Mohan","error":"Invalid login: 535-5.7.8 Username and Password not accepted. For more information, go to\n535 5.7.8  https://support.google.com/mail/?p=BadCredentials d9443c01a7336-2984dcea690sm27952135ad.99 - gsmtp","level":"error","message":"Failed to send CV notification email","service":"kushi-consultancy","stack":"Error: Invalid login: 535-5.7.8 Username and Password not accepted. For more information, go to\n535 5.7.8  https://support.google.com/mail/?p=BadCredentials d9443c01a7336-2984dcea690sm27952135ad.99 - gsmtp\n    at SMTPConnection._formatError (C:\\Users\\KUSHI\\OneDrive\\madhu-yogyatha\\Desktop\\kushi-consultancy\\node_modules\\nodemailer\\lib\\smtp-connection\\index.js:809:19)\n    at SMTPConnection._actionAUTHComplete (C:\\Users\\KUSHI\\OneDrive\\madhu-yogyatha\\Desktop\\kushi-consultancy\\node_modules\\nodemailer\\lib\\smtp-connection\\index.js:1595:34)\n    at SMTPConnection.<anonymous> (C:\\Users\\KUSHI\\OneDrive\\madhu-yogyatha\\Desktop\\kushi-consultancy\\node_modules\\nodemailer\\lib\\smtp-connection\\index.js:556:26)\n    at SMTPConnection._processResponse (C:\\Users\\KUSHI\\OneDrive\\madhu-yogyatha\\Desktop\\kushi-consultancy\\node_modules\\nodemailer\\lib\\smtp-connection\\index.js:993:20)\n    at SMTPConnection._onData (C:\\Users\\KUSHI\\OneDrive\\madhu-yogyatha\\Desktop\\kushi-consultancy\\node_modules\\nodemailer\\lib\\smtp-connection\\index.js:774:14)\n    at SMTPConnection._onSocketData (C:\\Users\\KUSHI\\OneDrive\\madhu-yogyatha\\Desktop\\kushi-consultancy\\node_modules\\nodemailer\\lib\\smtp-connection\\index.js:195:44)\n    at TLSSocket.emit (node:events:508:28)\n    at addChunk (node:internal/streams/readable:559:12)\n    at readableAddChunkPushByteMode (node:internal/streams/readable:510:3)\n    at Readable.push (node:internal/streams/readable:390:5)","timestamp":"2025-11-12 17:12:29"}
{"applicant":"Karthik Mohan","error":"Invalid login: 535-5.7.8 Username and Password not accepted. For more information, go to\n535 5.7.8  https://support.google.com/mail/?p=BadCredentials d9443c01a7336-2984dcea690sm27952135ad.99 - gsmtp","level":"warn","message":"Email notification failed but upload succeeded","service":"kushi-consultancy","timestamp":"2025-11-12 17:12:29"}
{"event":"auth_attempt","ip":"::1","level":"warn","message":"Authentication attempt","reason":"","service":"kushi-consultancy","success":true,"timestamp":"2025-11-12T11:53:00.007Z","username":"admin"}
{"level":"info","message":"🔒 Secure server running on port 3001","service":"kushi-consultancy","timestamp":"2025-11-13 10:43:22"}
{"level":"info","message":"Environment: development","service":"kushi-consultancy","timestamp":"2025-11-13 10:43:22"}
{"event":"auth_attempt","ip":"::1","level":"warn","message":"Authentication attempt","reason":"","service":"kushi-consultancy","success":true,"timestamp":"2025-11-13T05:13:26.786Z","username":"admin"}
{"level":"info","message":"🔒 Secure server running on port 3001","service":"kushi-consultancy","timestamp":"2025-11-13 10:54:55"}
{"level":"info","message":"Environment: development","service":"kushi-consultancy","timestamp":"2025-11-13 10:54:55"}
{"level":"info","message":"🔒 Secure server running on port 3001","service":"kushi-consultancy","timestamp":"2025-11-13 11:09:00"}
{"level":"info","message":"Environment: development","service":"kushi-consultancy","timestamp":"2025-11-13 11:09:00"}
{"level":"info","message":"SIGINT signal received: closing HTTP server","service":"kushi-consultancy","timestamp":"2025-11-13 11:12:00"}
{"level":"info","message":"🔒 Secure server running on port 3001","service":"kushi-consultancy","timestamp":"2025-11-13 11:12:04"}
{"level":"info","message":"Environment: development","service":"kushi-consultancy","timestamp":"2025-11-13 11:12:04"}
{"level":"info","message":"SIGINT signal received: closing HTTP server","service":"kushi-consultancy","timestamp":"2025-11-13 11:12:43"}
{"level":"info","message":"🔒 Secure server running on port 3001","service":"kushi-consultancy","timestamp":"2025-11-13 11:13:02"}
{"level":"info","message":"Environment: development","service":"kushi-consultancy","timestamp":"2025-11-13 11:13:02"}
{"level":"info","message":"SIGINT signal received: closing HTTP server","service":"kushi-consultancy","timestamp":"2025-11-13 11:13:22"}
{"level":"info","message":"Test email sent successfully","messageId":"<3dc155a8-3479-fc14-3302-79d0727969a8@kushiconsultancy.com>","recipient":"madhu@kushiconsultancy.com","service":"kushi-consultancy","timestamp":"2025-11-13 11:14:06"}
{"level":"info","message":"🔒 Secure server running on port 3001","service":"kushi-consultancy","timestamp":"2025-11-13 11:16:46"}
{"level":"info","message":"Environment: development","service":"kushi-consultancy","timestamp":"2025-11-13 11:16:46"}
{"level":"info","message":"SIGINT signal received: closing HTTP server","service":"kushi-consultancy","timestamp":"2025-11-13 11:17:03"}
{"level":"info","message":"🔒 Secure server running on port 3001","service":"kushi-consultancy","timestamp":"2025-11-13 11:17:45"}
{"level":"info","message":"Environment: development","service":"kushi-consultancy","timestamp":"2025-11-13 11:17:45"}
{"level":"info","message":"SIGINT signal received: closing HTTP server","service":"kushi-consultancy","timestamp":"2025-11-13 11:18:09"}
{"level":"info","message":"🔒 Secure server running on port 3001","service":"kushi-consultancy","timestamp":"2025-11-13 11:18:49"}
{"level":"info","message":"Environment: development","service":"kushi-consultancy","timestamp":"2025-11-13 11:18:49"}
{"level":"info","message":"SIGINT signal received: closing HTTP server","service":"kushi-consultancy","timestamp":"2025-11-13 11:19:06"}
{"applicant":"Test User","level":"info","message":"CV notification email sent successfully","messageId":"<725e2886-d9aa-8d3d-0ecf-3f46544aa63d@kushiconsultancy.com>","recipient":"madhu@kushiconsultancy.com","service":"kushi-consultancy","timestamp":"2025-11-13 11:20:12"}
{"level":"info","message":"🔒 Secure server running on port 3000","service":"kushi-consultancy","timestamp":"2025-11-13 11:31:47"}
{"level":"info","message":"Environment: development","service":"kushi-consultancy","timestamp":"2025-11-13 11:31:47"}
{"level":"info","message":"🔒 Secure server running on port 3000","service":"kushi-consultancy","timestamp":"2025-11-13 11:34:05"}
{"level":"info","message":"Environment: development","service":"kushi-consultancy","timestamp":"2025-11-13 11:34:06"}
{"level":"info","message":"🔒 Secure server running on port 3001","service":"kushi-consultancy","timestamp":"2025-11-13 11:40:43"}
{"level":"info","message":"Environment: development","service":"kushi-consultancy","timestamp":"2025-11-13 11:40:43"}
{"level":"info","message":"SIGINT signal received: closing HTTP server","service":"kushi-consultancy","timestamp":"2025-11-13 14:53:47"}
{"level":"info","message":"🔒 Secure server running on port 3001","service":"kushi-consultancy","timestamp":"2025-11-13 14:59:45"}
{"level":"info","message":"Environment: development","service":"kushi-consultancy","timestamp":"2025-11-13 14:59:45"}
{"level":"info","message":"SIGINT signal received: closing HTTP server","service":"kushi-consultancy","timestamp":"2025-11-13 18:13:48"}
{"level":"info","message":"🔒 Secure server running on port 3001","service":"kushi-consultancy","timestamp":"2025-11-15 10:01:17"}
{"level":"info","message":"Environment: development","service":"kushi-consultancy","timestamp":"2025-11-15 10:01:17"}
